D:\UST\GIT GITHUB\workspace\splitmate>git branch
* master

D:\UST\GIT GITHUB\workspace\splitmate>git branch feature-button

D:\UST\GIT GITHUB\workspace\splitmate>git branch
  feature-button
* master

D:\UST\GIT GITHUB\workspace\splitmate>git checkout feature-button
Switched to branch 'feature-button'

D:\UST\GIT GITHUB\workspace\splitmate>git status
On branch feature-button
Changes not staged for commit:
  (use "git add <file>..." to update what will be committed)
  (use "git restore <file>..." to discard changes in working directory)
        modified:   index.html

Untracked files:
  (use "git add <file>..." to include in what will be committed)
        branch.txt

no changes added to commit (use "git add" and/or "git commit -a")

D:\UST\GIT GITHUB\workspace\splitmate>git add .

D:\UST\GIT GITHUB\workspace\splitmate>git commit -m "branch start"
[feature-button 140ddf1] branch start
 2 files changed, 13 insertions(+)
 create mode 100644 branch.txt

D:\UST\GIT GITHUB\workspace\splitmate>git push -u origin feature-button
Enumerating objects: 6, done.
Counting objects: 100% (6/6), done.
Delta compression using up to 12 threads
Compressing objects: 100% (4/4), done.
Writing objects: 100% (4/4), 547 bytes | 547.00 KiB/s, done.
Total 4 (delta 1), reused 0 (delta 0), pack-reused 0
remote: Resolving deltas: 100% (1/1), completed with 1 local object.
remote:
remote: Create a pull request for 'feature-button' on GitHub by visiting:
remote:      https://github.com/Visweshvar-Axel/splitmaster/pull/new/feature-button
remote:
To https://github.com/Visweshvar-Axel/splitmaster.git
 * [new branch]      feature-button -> feature-button
branch 'feature-button' set up to track 'origin/feature-button'.

D:\UST\GIT GITHUB\workspace\splitmate>git status
On branch feature-button
Your branch is up to date with 'origin/feature-button'.

Changes not staged for commit:
  (use "git add <file>..." to update what will be committed)
  (use "git restore <file>..." to discard changes in working directory)
        modified:   about.html

no changes added to commit (use "git add" and/or "git commit -a")

D:\UST\GIT GITHUB\workspace\splitmate>git add .

D:\UST\GIT GITHUB\workspace\splitmate>git commit -m "update about"
[feature-button 555cce6] update about
 1 file changed, 1 insertion(+)

D:\UST\GIT GITHUB\workspace\splitmate>git push -u origin feature-button
Enumerating objects: 5, done.
Counting objects: 100% (5/5), done.
Delta compression using up to 12 threads
Compressing objects: 100% (3/3), done.
Writing objects: 100% (3/3), 456 bytes | 456.00 KiB/s, done.
Total 3 (delta 1), reused 0 (delta 0), pack-reused 0
remote: Resolving deltas: 100% (1/1), completed with 1 local object.
To https://github.com/Visweshvar-Axel/splitmaster.git
   140ddf1..555cce6  feature-button -> feature-button
branch 'feature-button' set up to track 'origin/feature-button'.

D:\UST\GIT GITHUB\workspace\splitmate>git branch dummy

D:\UST\GIT GITHUB\workspace\splitmate>git branch
  dummy
  feature-button
* master

D:\UST\GIT GITHUB\workspace\splitmate>git checkout dummy
Switched to branch 'dummy'
M       index.html

D:\UST\GIT GITHUB\workspace\splitmate>git add .

D:\UST\GIT GITHUB\workspace\splitmate>git commit -m "dummy"
[dummy af51f3d] dummy
 1 file changed, 2 insertions(+)

D:\UST\GIT GITHUB\workspace\splitmate>git push -u origin dummy
Enumerating objects: 5, done.
Counting objects: 100% (5/5), done.
Delta compression using up to 12 threads
Compressing objects: 100% (3/3), done.
Writing objects: 100% (3/3), 317 bytes | 317.00 KiB/s, done.
Total 3 (delta 2), reused 0 (delta 0), pack-reused 0
remote: Resolving deltas: 100% (2/2), completed with 2 local objects.
remote:
remote: Create a pull request for 'dummy' on GitHub by visiting:
remote:      https://github.com/Visweshvar-Axel/splitmaster/pull/new/dummy
remote:
To https://github.com/Visweshvar-Axel/splitmaster.git
 * [new branch]      dummy -> dummy
branch 'dummy' set up to track 'origin/dummy'.

D:\UST\GIT GITHUB\workspace\splitmate>git push origin --delete dummy
To https://github.com/Visweshvar-Axel/splitmaster.git
 - [deleted]         dummy

D:\UST\GIT GITHUB\workspace\splitmate>git branch
* dummy
  feature-button
  master

D:\UST\GIT GITHUB\workspace\splitmate>git branch -d dummy
error: Cannot delete branch 'dummy' checked out at 'D:/UST/GIT GITHUB/workspace/splitmate'

D:\UST\GIT GITHUB\workspace\splitmate>git branch
* dummy
  feature-button
  master

D:\UST\GIT GITHUB\workspace\splitmate>git checkout master
Switched to branch 'master'
Your branch is up to date with 'origin/master'.

D:\UST\GIT GITHUB\workspace\splitmate>git branch -d dummy
error: The branch 'dummy' is not fully merged.
If you are sure you want to delete it, run 'git branch -D dummy'.

D:\UST\GIT GITHUB\workspace\splitmate>git branch -D dummy
Deleted branch dummy (was af51f3d).
