D:\UST\GIT GITHUB\workspace\splitmate>git init
Reinitialized existing Git repository in D:/UST/GIT GITHUB/workspace/splitmate/.git/

D:\UST\GIT GITHUB\workspace\splitmate>git add .

D:\UST\GIT GITHUB\workspace\splitmate>git status
On branch master

No commits yet

Changes to be committed:
  (use "git rm --cached <file>..." to unstage)
        new file:   about.html
        new file:   index.html


D:\UST\GIT GITHUB\workspace\splitmate>git commit -m "
first upload"
[master (root-commit) 35addd5] first upload
 2 files changed, 22 insertions(+)
 create mode 100644 about.html
 create mode 100644 index.html

D:\UST\GIT GITHUB\workspace\splitmate>git remote add origin https://github.com/Visweshvar-Axel/splitmaster.git
error: remote origin already exists.

D:\UST\GIT GITHUB\workspace\splitmate>git push -u origin master
info: please complete authentication in your browser.