D:\UST\GIT GITHUB\workspace\splitmate>git branch
  feature-button
* master

D:\UST\GIT GITHUB\workspace\splitmate>git branch search

D:\UST\GIT GITHUB\workspace\splitmate>git checkout search
Switched to branch 'search'

D:\UST\GIT GITHUB\workspace\splitmate>git branch
  feature-button
  master
* search

D:\UST\GIT GITHUB\workspace\splitmate>git add .

D:\UST\GIT GITHUB\workspace\splitmate>git commit -m "search branch"
[search c421fe3] search branch
 2 files changed, 12 insertions(+)
 create mode 100644 search.html
 create mode 100644 searsh.txt

D:\UST\GIT GITHUB\workspace\splitmate>git push -u origin search
Enumerating objects: 5, done.
Counting objects: 100% (5/5), done.
Delta compression using up to 12 threads
Compressing objects: 100% (3/3), done.
Writing objects: 100% (4/4), 513 bytes | 513.00 KiB/s, done.
Total 4 (delta 1), reused 0 (delta 0), pack-reused 0
remote: Resolving deltas: 100% (1/1), completed with 1 local object.
remote:
remote: Create a pull request for 'search' on GitHub by visiting:
remote:      https://github.com/Visweshvar-Axel/splitmaster/pull/new/search
remote:
To https://github.com/Visweshvar-Axel/splitmaster.git
 * [new branch]      search -> search
branch 'search' set up to track 'origin/search'.

D:\UST\GIT GITHUB\workspace\splitmate>git branch
  feature-button
* master
  search

D:\UST\GIT GITHUB\workspace\splitmate>git checkout search
Switched to branch 'search'
Your branch is up to date with 'origin/search'.

D:\UST\GIT GITHUB\workspace\splitmate>git pull origin master
From https://github.com/Visweshvar-Axel/splitmaster
 * branch            master     -> FETCH_HEAD
Merge made by the 'ort' strategy.
 index.html | 3 +++
 1 file changed, 3 insertions(+)

D:\UST\GIT GITHUB\workspace\splitmate>git add .

D:\UST\GIT GITHUB\workspace\splitmate>git commit -m "pull commit"
On branch search
Your branch is ahead of 'origin/search' by 3 commits.
  (use "git push" to publish your local commits)

nothing to commit, working tree clean

D:\UST\GIT GITHUB\workspace\splitmate>git push -u origin search
Enumerating objects: 4, done.
Counting objects: 100% (4/4), done.
Delta compression using up to 12 threads
Compressing objects: 100% (2/2), done.
Writing objects: 100% (2/2), 351 bytes | 351.00 KiB/s, done.
Total 2 (delta 1), reused 0 (delta 0), pack-reused 0
remote: Resolving deltas: 100% (1/1), completed with 1 local object.
To https://github.com/Visweshvar-Axel/splitmaster.git
   98c6828..5b88ffa  search -> search
branch 'search' set up to track 'origin/search'.

D:\UST\GIT GITHUB\workspace\splitmate>git checkout master
Switched to branch 'master'
Your branch is up to date with 'origin/master'.

D:\UST\GIT GITHUB\workspace\splitmate>git merge search
Updating f4af853..5b88ffa
Fast-forward
 searsh.txt | 37 +++++++++++++++++++++++++++++++++++++
 1 file changed, 37 insertions(+)
 create mode 100644 searsh.txt

D:\UST\GIT GITHUB\workspace\splitmate>git add .

D:\UST\GIT GITHUB\workspace\splitmate>git commit -m "merge search"
On branch master
Your branch is ahead of 'origin/master' by 3 commits.
  (use "git push" to publish your local commits)

nothing to commit, working tree clean

D:\UST\GIT GITHUB\workspace\splitmate>git push -u origin master
Total 0 (delta 0), reused 0 (delta 0), pack-reused 0
To https://github.com/Visweshvar-Axel/splitmaster.git
   f4af853..5b88ffa  master -> master
branch 'master' set up to track 'origin/master'.

D:\UST\GIT GITHUB\workspace\splitmate>git branch -d search
Deleted branch search (was 5b88ffa).

D:\UST\GIT GITHUB\workspace\splitmate>git push origin --delete search
To https://github.com/Visweshvar-Axel/splitmaster.git
 - [deleted]         search


 D:\UST\GIT GITHUB\workspace\splitmate>git add .

D:\UST\GIT GITHUB\workspace\splitmate>git commit -m "change search"
[master ea40b9b] change search
 1 file changed, 1 insertion(+), 1 deletion(-)

D:\UST\GIT GITHUB\workspace\splitmate>git push -u origin master
To https://github.com/Visweshvar-Axel/splitmaster.git
 ! [rejected]        master -> master (non-fast-forward)
error: failed to push some refs to 'https://github.com/Visweshvar-Axel/splitmaster.git'
hint: Updates were rejected because the tip of your current branch is behind
hint: its remote counterpart. Integrate the remote changes (e.g.
hint: 'git pull ...') before pushing again.
hint: See the 'Note about fast-forwards' in 'git push --help' for details.

D:\UST\GIT GITHUB\workspace\splitmate>git pull origin master
From https://github.com/Visweshvar-Axel/splitmaster
 * branch            master     -> FETCH_HEAD
Merge made by the 'ort' strategy.
 index.html | 3 ++-
 1 file changed, 2 insertions(+), 1 deletion(-)

D:\UST\GIT GITHUB\workspace\splitmate>git add .

D:\UST\GIT GITHUB\workspace\splitmate>git commit -m "change search"
On branch master
Your branch is ahead of 'origin/master' by 2 commits.
  (use "git push" to publish your local commits)

nothing to commit, working tree clean

D:\UST\GIT GITHUB\workspace\splitmate>git push -u origin master
Enumerating objects: 9, done.
Counting objects: 100% (8/8), done.
Delta compression using up to 12 threads
Compressing objects: 100% (5/5), done.
Writing objects: 100% (5/5), 589 bytes | 589.00 KiB/s, done.
Total 5 (delta 3), reused 0 (delta 0), pack-reused 0
remote: Resolving deltas: 100% (3/3), completed with 2 local objects.
To https://github.com/Visweshvar-Axel/splitmaster.git
   573e409..deee0b7  master -> master
branch 'master' set up to track 'origin/master'.