Microsoft Windows [Version 10.0.22631.3374]
(c) Microsoft Corporation. All rights reserved.

D:\UST\GIT GITHUB\workspace\splitmate>git add .

D:\UST\GIT GITHUB\workspace\splitmate>git commit -m "update index"
[master 508a2a0] update index
 1 file changed, 1 insertion(+), 1 deletion(-)

D:\UST\GIT GITHUB\workspace\splitmate>git commit -a -m "update index h2"
[master 8f0619e] update index h2
 1 file changed, 1 insertion(+), 1 deletion(-)

D:\UST\GIT GITHUB\workspace\splitmate>git commit -a -m "update index button"

[master 78b7d55] update index button
 1 file changed, 1 insertion(+), 1 deletion(-)

D:\UST\GIT GITHUB\workspace\splitmate>git log --oneline
78b7d55 (HEAD -> master) update index button
8f0619e update index h2
508a2a0 update index
2f697a0 (origin/master) error push and pull
deee0b7 Merge branch 'master' of https://github.com/Visweshvar-Axel/splitmaster
ea40b9b change search
573e409 Update index.html
cb5ef5a search cmd delete
4d1a59e search cmd
5b88ffa Merge branch 'master' of https://github.com/Visweshvar-Axel/splitmaster into search
f4af853 index update
2d34bda search in master
98c6828 search branch
c421fe3 search branch
b4607b5 dummy cmd
97219ea (origin/feature-button, feature-button) branch cmd
555cce6 update about
140ddf1 branch start
9812286 restore cmd
4b240e5 index update
8914b05 about update
4594711 index update
b69df5b about and cmd changes 1
6b0b91d about and cmd changes
ab56571 command file
35addd5 first upload

D:\UST\GIT GITHUB\workspace\splitmate>git rebase -i HEAD~4
[detached HEAD d075876] update index
 Date: Mon Apr 22 20:17:26 2024 +0530
 1 file changed, 3 insertions(+), 3 deletions(-)
Successfully rebased and updated refs/heads/master.

D:\UST\GIT GITHUB\workspace\splitmate>git log --oneline
d075876 (HEAD -> master) update index
2f697a0 (origin/master) error push and pull
deee0b7 Merge branch 'master' of https://github.com/Visweshvar-Axel/splitmaster
ea40b9b change search
573e409 Update index.html
cb5ef5a search cmd delete
4d1a59e search cmd
5b88ffa Merge branch 'master' of https://github.com/Visweshvar-Axel/splitmaster into search
f4af853 index update
2d34bda search in master
98c6828 search branch
c421fe3 search branch
b4607b5 dummy cmd
97219ea (origin/feature-button, feature-button) branch cmd
555cce6 update about
140ddf1 branch start
9812286 restore cmd
4b240e5 index update
8914b05 about update
4594711 index update
b69df5b about and cmd changes 1
6b0b91d about and cmd changes
ab56571 command file
35addd5 first upload

D:\UST\GIT GITHUB\workspace\splitmate>git push -u origin master
Enumerating objects: 5, done.
Counting objects: 100% (5/5), done.
Delta compression using up to 12 threads
Compressing objects: 100% (3/3), done.
Writing objects: 100% (3/3), 406 bytes | 406.00 KiB/s, done.
Total 3 (delta 2), reused 0 (delta 0), pack-reused 0
remote: Resolving deltas: 100% (2/2), completed with 2 local objects.
To https://github.com/Visweshvar-Axel/splitmaster.git
   2f697a0..d075876  master -> master
branch 'master' set up to track 'origin/master'.